 DynamicLib

 Timestamp is 5bf2c39d (Mon Nov 19 14:07:25 2018)

 Preferred load address is 10000000

 Start         Length     Name                   Class
 0001:00000000 00003a20H .text$mn                CODE
 0001:00003a20 000000feH .text$x                 CODE
 0002:00000000 00000124H .idata$5                DATA
 0002:00000124 00000004H .00cfg                  DATA
 0002:00000128 00000004H .CRT$XCA                DATA
 0002:0000012c 00000004H .CRT$XCZ                DATA
 0002:00000130 00000004H .CRT$XIA                DATA
 0002:00000134 00000004H .CRT$XIZ                DATA
 0002:00000138 00000004H .CRT$XPA                DATA
 0002:0000013c 00000004H .CRT$XPZ                DATA
 0002:00000140 00000004H .CRT$XTA                DATA
 0002:00000144 0000000cH .CRT$XTZ                DATA
 0002:00000148 00000000H .gfids$y                DATA
 0002:00000150 00000990H .rdata                  DATA
 0002:00000ae0 00000024H .rdata$sxdata           DATA
 0002:00000b04 00000318H .rdata$zzzdbg           DATA
 0002:00000e1c 00000004H .rtc$IAA                DATA
 0002:00000e20 00000008H .rtc$IMZ                DATA
 0002:00000e28 00000004H .rtc$IZZ                DATA
 0002:00000e2c 00000004H .rtc$TAA                DATA
 0002:00000e30 00000008H .rtc$TMZ                DATA
 0002:00000e38 00000008H .rtc$TZZ                DATA
 0002:00000e40 000001e0H .xdata$x                DATA
 0002:00001020 00000048H .edata                  DATA
 0002:00001068 00000050H .idata$2                DATA
 0002:000010b8 00000014H .idata$3                DATA
 0002:000010cc 00000124H .idata$4                DATA
 0002:000011f0 0000086aH .idata$6                DATA
 0003:00000000 00000028H .data                   DATA
 0003:00000028 000003a0H .bss                    DATA
 0004:00000000 0000003eH .msvcjmc                DATA
 0005:00000000 00000060H .rsrc$01                DATA
 0005:00000060 00000180H .rsrc$02                DATA

  Address         Publics by Value              Rva+Base       Lib:Object

 0000:00000000       ___guard_longjmp_table     00000000     <absolute>
 0000:00000000       ___volatile_metadata       00000000     <absolute>
 0000:00000000       ___hybrid_code_map         00000000     <absolute>
 0000:00000000       ___hybrid_auxiliary_iat    00000000     <absolute>
 0000:00000000       ___enclave_config          00000000     <absolute>
 0000:00000000       ___guard_iat_count         00000000     <absolute>
 0000:00000000       ___hybrid_code_map_count   00000000     <absolute>
 0000:00000000       ___guard_iat_table         00000000     <absolute>
 0000:00000000       ___guard_longjmp_count     00000000     <absolute>
 0000:00000000       ___guard_fids_table        00000000     <absolute>
 0000:00000000       ___dynamic_value_reloc_table 00000000     <absolute>
 0000:00000000       ___guard_fids_count        00000000     <absolute>
 0000:00000009       ___safe_se_handler_count   00000009     <absolute>
 0000:00000100       ___guard_flags             00000100     <absolute>
 0000:00000000       ___ImageBase               10000000     <linker-defined>
 0001:00000000       _DllMain@12                10001000 f   dllmain.obj
 0001:00000050       __JustMyCode_Default       10001050 f i dllmain.obj
 0001:00000060       ??$?6U?$char_traits@D@std@@@std@@YAAAV?$basic_ostream@DU?$char_traits@D@std@@@0@AAV10@PBD@Z 10001060 f i DynamicLib.obj
 0001:00000510       ??$endl@DU?$char_traits@D@std@@@std@@YAAAV?$basic_ostream@DU?$char_traits@D@std@@@0@AAV10@@Z 10001510 f i DynamicLib.obj
 0001:000005a0       ??0_Sentry_base@?$basic_ostream@DU?$char_traits@D@std@@@std@@QAE@AAV12@@Z 100015a0 f i DynamicLib.obj
 0001:00000670       ??0sentry@?$basic_ostream@DU?$char_traits@D@std@@@std@@QAE@AAV12@@Z 10001670 f i DynamicLib.obj
 0001:000007b0       ??1_Sentry_base@?$basic_ostream@DU?$char_traits@D@std@@@std@@QAE@XZ 100017b0 f i DynamicLib.obj
 0001:000008a0       ??1sentry@?$basic_ostream@DU?$char_traits@D@std@@@std@@QAE@XZ 100018a0 f i DynamicLib.obj
 0001:00000940       ??Bsentry@?$basic_ostream@DU?$char_traits@D@std@@@std@@QBE_NXZ 10001940 f i DynamicLib.obj
 0001:00000990       ?__empty_global_delete@@YAXPAX@Z 10001990 f i DynamicLib.obj
 0001:000009d0       ?__empty_global_delete@@YAXPAXI@Z 100019d0 f i DynamicLib.obj
 0001:00000a10       ?eof@?$char_traits@D@std@@SAHXZ 10001a10 f i DynamicLib.obj
 0001:00000a80       ?eq_int_type@?$char_traits@D@std@@SA_NABH0@Z 10001a80 f i DynamicLib.obj
 0001:00000b10       ?length@?$char_traits@D@std@@SAIQBD@Z 10001b10 f i DynamicLib.obj
 0001:00000b90       _Filter                    10001b90 f   DynamicLib.obj
 0001:00000e10       @__CheckForDebuggerJustMyCode@4 10001e10 f   MSVCRTD:debugger_jmc.obj
 0001:00000e50       @_RTC_AllocaHelper@12      10001e50 f   MSVCRTD:_stack_.obj
 0001:00000e90       @_RTC_CheckStackVars2@12   10001e90 f   MSVCRTD:_stack_.obj
 0001:00000f70       @_RTC_CheckStackVars@8     10001f70 f   MSVCRTD:_stack_.obj
 0001:00000fe0       __RTC_CheckEsp             10001fe0 f   MSVCRTD:_stack_.obj
 0001:00001020       __CRT_RTC_INIT             10002020 f   MSVCRTD:_init_.obj
 0001:00001030       __CRT_RTC_INITW            10002030 f   MSVCRTD:_init_.obj
 0001:00001040       __RTC_InitBase             10002040 f   MSVCRTD:_init_.obj
 0001:00001070       __RTC_Shutdown             10002070 f   MSVCRTD:_init_.obj
 0001:00001090       @__security_check_cookie@4 10002090 f   MSVCRTD:_secchk_.obj
 0001:00001550       __CRT_INIT@12              10002550 f   MSVCRTD:dll_dllmain.obj
 0001:00001570       __DllMainCRTStartup@12     10002570 f   MSVCRTD:dll_dllmain.obj
 0001:00001630       ?_RTC_AllocaFailure@@YAXPAXPAU_RTC_ALLOCA_NODE@@H@Z 10002630 f   MSVCRTD:_error_.obj
 0001:00001720       ?_RTC_Failure@@YAXPAXH@Z   10002720 f   MSVCRTD:_error_.obj
 0001:00001770       ?_RTC_StackFailure@@YAXPAXPBD@Z 10002770 f   MSVCRTD:_error_.obj
 0001:00001b30       __RTC_UninitUse            10002b30 f   MSVCRTD:_error_.obj
 0001:00001be0       ___local_stdio_printf_options 10002be0 f i MSVCRTD:_error_.obj
 0001:00001bf0       __vsprintf_s_l             10002bf0 f i MSVCRTD:_error_.obj
 0001:00001c20       _sprintf_s                 10002c20 f i MSVCRTD:_error_.obj
 0001:00001c40       ?_RTC_GetErrorFunc@@YAP6AHHPBDH00ZZPBX@Z 10002c40 f   MSVCRTD:_userapi_.obj
 0001:00001c50       ?_RTC_GetErrorFuncW@@YAP6AHHPB_WH00ZZPBX@Z 10002c50 f   MSVCRTD:_userapi_.obj
 0001:00001c60       __RTC_GetErrDesc           10002c60 f   MSVCRTD:_userapi_.obj
 0001:00001c80       __RTC_NumErrors            10002c80 f   MSVCRTD:_userapi_.obj
 0001:00001c90       __RTC_SetErrorFunc         10002c90 f   MSVCRTD:_userapi_.obj
 0001:00001cb0       __RTC_SetErrorFuncW        10002cb0 f   MSVCRTD:_userapi_.obj
 0001:00001cd0       __RTC_SetErrorType         10002cd0 f   MSVCRTD:_userapi_.obj
 0001:00001d00       ___raise_securityfailure   10002d00 f   MSVCRTD:gs_report.obj
 0001:00001d30       ___report_gsfailure        10002d30 f   MSVCRTD:gs_report.obj
 0001:00001e40       ___report_rangecheckfailure 10002e40 f   MSVCRTD:gs_report.obj
 0001:00001e50       ___report_securityfailure  10002e50 f   MSVCRTD:gs_report.obj
 0001:00001f30       ___report_securityfailureEx 10002f30 f   MSVCRTD:gs_report.obj
 0001:000020d0       ___security_init_cookie    100030d0 f   MSVCRTD:gs_support.obj
 0001:00002150       ?__scrt_initialize_type_info@@YAXXZ 10003150 f   MSVCRTD:tncleanup.obj
 0001:00002160       ?__scrt_uninitialize_type_info@@YAXXZ 10003160 f   MSVCRTD:tncleanup.obj
 0001:00002180       ___local_stdio_scanf_options 10003180 f i MSVCRTD:default_local_stdio_options.obj
 0001:00002190       ___scrt_initialize_default_local_stdio_options 10003190 f   MSVCRTD:default_local_stdio_options.obj
 0001:000021d0       ??$__crt_fast_decode_pointer@PAP6AXXZ@@YAPAP6AXXZQAP6AXXZ@Z 100031d0 f i MSVCRTD:utility.obj
 0001:00002200       ??$__crt_fast_encode_pointer@PAP6AXXZ@@YAPAP6AXXZQAP6AXXZ@Z 10003200 f i MSVCRTD:utility.obj
 0001:00002230       ?__crt_rotate_pointer_value@@YAIIH@Z 10003230 f i MSVCRTD:utility.obj
 0001:00002240       ?configure_argv@__scrt_narrow_argv_policy@@SAHXZ 10003240 f i MSVCRTD:utility.obj
 0001:000022f0       ?initialize_environment@__scrt_narrow_environment_policy@@SAHXZ 100032f0 f i MSVCRTD:utility.obj
 0001:00002370       _NtCurrentTeb              10003370 f i MSVCRTD:utility.obj
 0001:00002380       ___scrt_acquire_startup_lock 10003380 f   MSVCRTD:utility.obj
 0001:000023d0       ___scrt_dllmain_after_initialize_c 100033d0 f   MSVCRTD:utility.obj
 0001:00002400       ___scrt_dllmain_before_initialize_c 10003400 f   MSVCRTD:utility.obj
 0001:00002420       ___scrt_dllmain_crt_thread_attach 10003420 f   MSVCRTD:utility.obj
 0001:00002450       ___scrt_dllmain_crt_thread_detach 10003450 f   MSVCRTD:utility.obj
 0001:00002470       ___scrt_dllmain_exception_filter 10003470 f   MSVCRTD:utility.obj
 0001:000024c0       ___scrt_dllmain_uninitialize_c 100034c0 f   MSVCRTD:utility.obj
 0001:000024f0       ___scrt_dllmain_uninitialize_critical 100034f0 f   MSVCRTD:utility.obj
 0001:00002510       ___scrt_initialize_crt     10003510 f   MSVCRTD:utility.obj
 0001:00002560       ___scrt_initialize_onexit_tables 10003560 f   MSVCRTD:utility.obj
 0001:00002640       ___scrt_is_nonwritable_in_current_image 10003640 f   MSVCRTD:utility.obj
 0001:00002770       ___scrt_release_startup_lock 10003770 f   MSVCRTD:utility.obj
 0001:000027a0       ___scrt_uninitialize_crt   100037a0 f   MSVCRTD:utility.obj
 0001:000027e0       __onexit                   100037e0 f   MSVCRTD:utility.obj
 0001:00002850       _at_quick_exit             10003850 f   MSVCRTD:utility.obj
 0001:000028a0       _atexit                    100038a0 f   MSVCRTD:utility.obj
 0001:000028d0       ___scrt_get_dyn_tls_init_callback 100038d0 f   MSVCRTD:dyn_tls_init.obj
 0001:000028e0       ___scrt_fastfail           100038e0 f   MSVCRTD:utility_desktop.obj
 0001:00002a20       ___scrt_get_show_window_mode 10003a20 f   MSVCRTD:utility_desktop.obj
 0001:00002a60       ___scrt_initialize_mta     10003a60 f   MSVCRTD:utility_desktop.obj
 0001:00002a70       ___scrt_initialize_winrt   10003a70 f   MSVCRTD:utility_desktop.obj
 0001:00002a80       ___scrt_is_managed_app     10003a80 f   MSVCRTD:utility_desktop.obj
 0001:00002b10       ___scrt_set_unhandled_exception_filter 10003b10 f   MSVCRTD:utility_desktop.obj
 0001:00002b20       ___scrt_exe_initialize_mta 10003b20 f   MSVCRTD:utility_desktop.obj
 0001:00002b20       ___scrt_stub_for_initialize_mta 10003b20 f   MSVCRTD:utility_desktop.obj
 0001:00002b30       ___scrt_unhandled_exception_filter@4 10003b30 f   MSVCRTD:utility_desktop.obj
 0001:00002b90       __crt_debugger_hook        10003b90 f   MSVCRTD:utility_desktop.obj
 0001:00002ba0       __RTC_Initialize           10003ba0 f   MSVCRTD:_initsect_.obj
 0001:00002bd0       __RTC_Terminate            10003bd0 f   MSVCRTD:_initsect_.obj
 0001:00002c00       __except_handler4          10003c00 f   MSVCRTD:_chandler4gs_.obj
 0001:00002c30       @_guard_check_icall_nop@4  10003c30 f i MSVCRTD:guard_support.obj
 0001:00002c40       _ReadNoFence               10003c40 f i MSVCRTD:guard_support.obj
 0001:00002c60       _ReadPointerNoFence        10003c60 f i MSVCRTD:guard_support.obj
 0001:00002c80       __guard_icall_checks_enforced 10003c80 f i MSVCRTD:guard_support.obj
 0001:00003130       ?_RTC_GetSrcLine@@YAHPAEPA_WKPAH1K@Z 10004130 f   MSVCRTD:_pdblkup_.obj
 0001:000034c0       __except_handler4_noexcept 100044c0 f   MSVCRTD:chandler4_noexcept.obj
 0001:00003510       ___isa_available_init      10004510 f   MSVCRTD:_cpu_disp_.obj
 0001:000037f0       __get_startup_argv_mode    100047f0 f   MSVCRTD:argv_mode.obj
 0001:00003800       ___scrt_is_ucrt_dll_in_use 10004800 f   MSVCRTD:ucrt_detection.obj
 0001:00003824       ?uncaught_exception@std@@YA_NXZ 10004824 f   msvcprtd:MSVCP140D.dll
 0001:0000382a       ?good@ios_base@std@@QBE_NXZ 1000482a f   msvcprtd:MSVCP140D.dll
 0001:00003830       ?flags@ios_base@std@@QBEHXZ 10004830 f   msvcprtd:MSVCP140D.dll
 0001:00003836       ?width@ios_base@std@@QBE_JXZ 10004836 f   msvcprtd:MSVCP140D.dll
 0001:0000383c       ?width@ios_base@std@@QAE_J_J@Z 1000483c f   msvcprtd:MSVCP140D.dll
 0001:00003842       ?sputc@?$basic_streambuf@DU?$char_traits@D@std@@@std@@QAEHD@Z 10004842 f   msvcprtd:MSVCP140D.dll
 0001:00003848       ?sputn@?$basic_streambuf@DU?$char_traits@D@std@@@std@@QAE_JPBD_J@Z 10004848 f   msvcprtd:MSVCP140D.dll
 0001:0000384e       ?setstate@?$basic_ios@DU?$char_traits@D@std@@@std@@QAEXH_N@Z 1000484e f   msvcprtd:MSVCP140D.dll
 0001:00003854       ?tie@?$basic_ios@DU?$char_traits@D@std@@@std@@QBEPAV?$basic_ostream@DU?$char_traits@D@std@@@2@XZ 10004854 f   msvcprtd:MSVCP140D.dll
 0001:0000385a       ?rdbuf@?$basic_ios@DU?$char_traits@D@std@@@std@@QBEPAV?$basic_streambuf@DU?$char_traits@D@std@@@2@XZ 1000485a f   msvcprtd:MSVCP140D.dll
 0001:00003860       ?fill@?$basic_ios@DU?$char_traits@D@std@@@std@@QBEDXZ 10004860 f   msvcprtd:MSVCP140D.dll
 0001:00003866       ?widen@?$basic_ios@DU?$char_traits@D@std@@@std@@QBEDD@Z 10004866 f   msvcprtd:MSVCP140D.dll
 0001:0000386c       ?_Osfx@?$basic_ostream@DU?$char_traits@D@std@@@std@@QAEXXZ 1000486c f   msvcprtd:MSVCP140D.dll
 0001:00003872       ??6?$basic_ostream@DU?$char_traits@D@std@@@std@@QAEAAV01@P6AAAV01@AAV01@@Z@Z 10004872 f   msvcprtd:MSVCP140D.dll
 0001:00003878       ??6?$basic_ostream@DU?$char_traits@D@std@@@std@@QAEAAV01@H@Z 10004878 f   msvcprtd:MSVCP140D.dll
 0001:0000387e       ?put@?$basic_ostream@DU?$char_traits@D@std@@@std@@QAEAAV12@D@Z 1000487e f   msvcprtd:MSVCP140D.dll
 0001:00003884       ?flush@?$basic_ostream@DU?$char_traits@D@std@@@std@@QAEAAV12@XZ 10004884 f   msvcprtd:MSVCP140D.dll
 0001:0000388a       ___CxxFrameHandler3        1000488a f   vcruntimed:VCRUNTIME140D.dll
 0001:00003890       ___std_type_info_destroy_list 10004890 f   vcruntimed:VCRUNTIME140D.dll
 0001:00003896       _memset                    10004896 f   vcruntimed:VCRUNTIME140D.dll
 0001:0000389c       __except_handler4_common   1000489c f   vcruntimed:VCRUNTIME140D.dll
 0001:000038a2       ___vcrt_GetModuleFileNameW 100048a2 f   vcruntimed:VCRUNTIME140D.dll
 0001:000038a8       ___vcrt_GetModuleHandleW   100048a8 f   vcruntimed:VCRUNTIME140D.dll
 0001:000038ae       ___vcrt_LoadLibraryExW     100048ae f   vcruntimed:VCRUNTIME140D.dll
 0001:000038b4       _strlen                    100048b4 f   ucrtd:ucrtbased.dll
 0001:000038ba       __CrtDbgReport             100048ba f   ucrtd:ucrtbased.dll
 0001:000038c0       __CrtDbgReportW            100048c0 f   ucrtd:ucrtbased.dll
 0001:000038c6       __initterm                 100048c6 f   ucrtd:ucrtbased.dll
 0001:000038cc       __initterm_e               100048cc f   ucrtd:ucrtbased.dll
 0001:000038d2       _strcpy_s                  100048d2 f   ucrtd:ucrtbased.dll
 0001:000038d8       _strcat_s                  100048d8 f   ucrtd:ucrtbased.dll
 0001:000038de       ___stdio_common_vsprintf_s 100048de f   ucrtd:ucrtbased.dll
 0001:000038e4       __seh_filter_dll           100048e4 f   ucrtd:ucrtbased.dll
 0001:000038ea       __configure_narrow_argv    100048ea f   ucrtd:ucrtbased.dll
 0001:000038f0       __initialize_narrow_environment 100048f0 f   ucrtd:ucrtbased.dll
 0001:000038f6       __initialize_onexit_table  100048f6 f   ucrtd:ucrtbased.dll
 0001:000038fc       __register_onexit_function 100048fc f   ucrtd:ucrtbased.dll
 0001:00003902       __execute_onexit_table     10004902 f   ucrtd:ucrtbased.dll
 0001:00003908       __crt_atexit               10004908 f   ucrtd:ucrtbased.dll
 0001:0000390e       __crt_at_quick_exit        1000490e f   ucrtd:ucrtbased.dll
 0001:00003914       __cexit                    10004914 f   ucrtd:ucrtbased.dll
 0001:0000391a       _terminate                 1000491a f   ucrtd:ucrtbased.dll
 0001:00003920       __wmakepath_s              10004920 f   ucrtd:ucrtbased.dll
 0001:00003926       __wsplitpath_s             10004926 f   ucrtd:ucrtbased.dll
 0001:0000392c       _wcscpy_s                  1000492c f   ucrtd:ucrtbased.dll
 0001:00003932       _GetCurrentThreadId@0      10004932 f   kernel32:KERNEL32.dll
 0001:00003938       _IsDebuggerPresent@0       10004938 f   kernel32:KERNEL32.dll
 0001:0000393e       _RaiseException@16         1000493e f   kernel32:KERNEL32.dll
 0001:00003944       _MultiByteToWideChar@24    10004944 f   kernel32:KERNEL32.dll
 0001:0000394a       _WideCharToMultiByte@32    1000494a f   kernel32:KERNEL32.dll
 0001:00003950       _UnhandledExceptionFilter@4 10004950 f   kernel32:KERNEL32.dll
 0001:00003956       _SetUnhandledExceptionFilter@4 10004956 f   kernel32:KERNEL32.dll
 0001:0000395c       _GetCurrentProcess@0       1000495c f   kernel32:KERNEL32.dll
 0001:00003962       _TerminateProcess@8        10004962 f   kernel32:KERNEL32.dll
 0001:00003968       _IsProcessorFeaturePresent@4 10004968 f   kernel32:KERNEL32.dll
 0001:0000396e       _QueryPerformanceCounter@4 1000496e f   kernel32:KERNEL32.dll
 0001:00003974       _GetCurrentProcessId@0     10004974 f   kernel32:KERNEL32.dll
 0001:0000397a       _GetSystemTimeAsFileTime@4 1000497a f   kernel32:KERNEL32.dll
 0001:00003980       _InitializeSListHead@4     10004980 f   kernel32:KERNEL32.dll
 0001:00003986       _GetStartupInfoW@4         10004986 f   kernel32:KERNEL32.dll
 0001:0000398c       _GetModuleHandleW@4        1000498c f   kernel32:KERNEL32.dll
 0001:00003992       _GetLastError@0            10004992 f   kernel32:KERNEL32.dll
 0001:00003998       _HeapAlloc@12              10004998 f   kernel32:KERNEL32.dll
 0001:0000399e       _HeapFree@12               1000499e f   kernel32:KERNEL32.dll
 0001:000039a4       _GetProcessHeap@0          100049a4 f   kernel32:KERNEL32.dll
 0001:000039aa       _VirtualQuery@12           100049aa f   kernel32:KERNEL32.dll
 0001:000039b0       _FreeLibrary@4             100049b0 f   kernel32:KERNEL32.dll
 0001:000039b6       _GetProcAddress@8          100049b6 f   kernel32:KERNEL32.dll
 0001:000039c0       ___vcrt_initialize         100049c0 f   MSVCRTD:ucrt_stubs.obj
 0001:000039c0       ___acrt_initialize         100049c0 f   MSVCRTD:ucrt_stubs.obj
 0001:000039c0       ___scrt_stub_for_acrt_initialize 100049c0 f   MSVCRTD:ucrt_stubs.obj
 0001:000039d0       ___vcrt_thread_attach      100049d0 f   MSVCRTD:ucrt_stubs.obj
 0001:000039d0       ___scrt_stub_for_acrt_thread_attach 100049d0 f   MSVCRTD:ucrt_stubs.obj
 0001:000039d0       ___acrt_thread_attach      100049d0 f   MSVCRTD:ucrt_stubs.obj
 0001:000039e0       ___vcrt_thread_detach      100049e0 f   MSVCRTD:ucrt_stubs.obj
 0001:000039e0       ___acrt_thread_detach      100049e0 f   MSVCRTD:ucrt_stubs.obj
 0001:000039e0       ___scrt_stub_for_acrt_thread_detach 100049e0 f   MSVCRTD:ucrt_stubs.obj
 0001:000039f0       ___acrt_uninitialize       100049f0 f   MSVCRTD:ucrt_stubs.obj
 0001:000039f0       ___scrt_stub_for_acrt_uninitialize 100049f0 f   MSVCRTD:ucrt_stubs.obj
 0001:000039f0       ___vcrt_uninitialize       100049f0 f   MSVCRTD:ucrt_stubs.obj
 0001:00003a00       ___acrt_uninitialize_critical 10004a00 f   MSVCRTD:ucrt_stubs.obj
 0001:00003a00       ___scrt_stub_for_acrt_uninitialize_critical 10004a00 f   MSVCRTD:ucrt_stubs.obj
 0001:00003a00       ___vcrt_uninitialize_critical 10004a00 f   MSVCRTD:ucrt_stubs.obj
 0001:00003a10       __is_c_termination_complete 10004a10 f   MSVCRTD:ucrt_stubs.obj
 0001:00003a10       ___scrt_stub_for_is_c_termination_complete 10004a10 f   MSVCRTD:ucrt_stubs.obj
 0002:00000000       __imp__GetProcessHeap@0    10005000     kernel32:KERNEL32.dll
 0002:00000004       __imp__IsDebuggerPresent@0 10005004     kernel32:KERNEL32.dll
 0002:00000008       __imp__RaiseException@16   10005008     kernel32:KERNEL32.dll
 0002:0000000c       __imp__MultiByteToWideChar@24 1000500c     kernel32:KERNEL32.dll
 0002:00000010       __imp__WideCharToMultiByte@32 10005010     kernel32:KERNEL32.dll
 0002:00000014       __imp__UnhandledExceptionFilter@4 10005014     kernel32:KERNEL32.dll
 0002:00000018       __imp__SetUnhandledExceptionFilter@4 10005018     kernel32:KERNEL32.dll
 0002:0000001c       __imp__GetCurrentProcess@0 1000501c     kernel32:KERNEL32.dll
 0002:00000020       __imp__TerminateProcess@8  10005020     kernel32:KERNEL32.dll
 0002:00000024       __imp__IsProcessorFeaturePresent@4 10005024     kernel32:KERNEL32.dll
 0002:00000028       __imp__QueryPerformanceCounter@4 10005028     kernel32:KERNEL32.dll
 0002:0000002c       __imp__GetCurrentProcessId@0 1000502c     kernel32:KERNEL32.dll
 0002:00000030       __imp__GetSystemTimeAsFileTime@4 10005030     kernel32:KERNEL32.dll
 0002:00000034       __imp__InitializeSListHead@4 10005034     kernel32:KERNEL32.dll
 0002:00000038       __imp__GetStartupInfoW@4   10005038     kernel32:KERNEL32.dll
 0002:0000003c       __imp__GetModuleHandleW@4  1000503c     kernel32:KERNEL32.dll
 0002:00000040       __imp__GetLastError@0      10005040     kernel32:KERNEL32.dll
 0002:00000044       __imp__HeapAlloc@12        10005044     kernel32:KERNEL32.dll
 0002:00000048       __imp__GetProcAddress@8    10005048     kernel32:KERNEL32.dll
 0002:0000004c       __imp__FreeLibrary@4       1000504c     kernel32:KERNEL32.dll
 0002:00000050       __imp__VirtualQuery@12     10005050     kernel32:KERNEL32.dll
 0002:00000054       __imp__GetCurrentThreadId@0 10005054     kernel32:KERNEL32.dll
 0002:00000058       __imp__HeapFree@12         10005058     kernel32:KERNEL32.dll
 0002:0000005c       \177KERNEL32_NULL_THUNK_DATA 1000505c     kernel32:KERNEL32.dll
 0002:00000060       __imp_?flush@?$basic_ostream@DU?$char_traits@D@std@@@std@@QAEAAV12@XZ 10005060     msvcprtd:MSVCP140D.dll
 0002:00000064       __imp_?put@?$basic_ostream@DU?$char_traits@D@std@@@std@@QAEAAV12@D@Z 10005064     msvcprtd:MSVCP140D.dll
 0002:00000068       __imp_??6?$basic_ostream@DU?$char_traits@D@std@@@std@@QAEAAV01@H@Z 10005068     msvcprtd:MSVCP140D.dll
 0002:0000006c       __imp_??6?$basic_ostream@DU?$char_traits@D@std@@@std@@QAEAAV01@P6AAAV01@AAV01@@Z@Z 1000506c     msvcprtd:MSVCP140D.dll
 0002:00000070       __imp_?_Osfx@?$basic_ostream@DU?$char_traits@D@std@@@std@@QAEXXZ 10005070     msvcprtd:MSVCP140D.dll
 0002:00000074       __imp_?widen@?$basic_ios@DU?$char_traits@D@std@@@std@@QBEDD@Z 10005074     msvcprtd:MSVCP140D.dll
 0002:00000078       __imp_?fill@?$basic_ios@DU?$char_traits@D@std@@@std@@QBEDXZ 10005078     msvcprtd:MSVCP140D.dll
 0002:0000007c       __imp_?rdbuf@?$basic_ios@DU?$char_traits@D@std@@@std@@QBEPAV?$basic_streambuf@DU?$char_traits@D@std@@@2@XZ 1000507c     msvcprtd:MSVCP140D.dll
 0002:00000080       __imp_?tie@?$basic_ios@DU?$char_traits@D@std@@@std@@QBEPAV?$basic_ostream@DU?$char_traits@D@std@@@2@XZ 10005080     msvcprtd:MSVCP140D.dll
 0002:00000084       __imp_?setstate@?$basic_ios@DU?$char_traits@D@std@@@std@@QAEXH_N@Z 10005084     msvcprtd:MSVCP140D.dll
 0002:00000088       __imp_?sputn@?$basic_streambuf@DU?$char_traits@D@std@@@std@@QAE_JPBD_J@Z 10005088     msvcprtd:MSVCP140D.dll
 0002:0000008c       __imp_?sputc@?$basic_streambuf@DU?$char_traits@D@std@@@std@@QAEHD@Z 1000508c     msvcprtd:MSVCP140D.dll
 0002:00000090       __imp_?uncaught_exception@std@@YA_NXZ 10005090     msvcprtd:MSVCP140D.dll
 0002:00000094       __imp_?width@ios_base@std@@QAE_J_J@Z 10005094     msvcprtd:MSVCP140D.dll
 0002:00000098       __imp_?width@ios_base@std@@QBE_JXZ 10005098     msvcprtd:MSVCP140D.dll
 0002:0000009c       __imp_?flags@ios_base@std@@QBEHXZ 1000509c     msvcprtd:MSVCP140D.dll
 0002:000000a0       __imp_?good@ios_base@std@@QBE_NXZ 100050a0     msvcprtd:MSVCP140D.dll
 0002:000000a4       __imp_?cout@std@@3V?$basic_ostream@DU?$char_traits@D@std@@@1@A 100050a4     msvcprtd:MSVCP140D.dll
 0002:000000a8       \177MSVCP140D_NULL_THUNK_DATA 100050a8     msvcprtd:MSVCP140D.dll
 0002:000000ac       __imp___except_handler4_common 100050ac     vcruntimed:VCRUNTIME140D.dll
 0002:000000b0       __imp____vcrt_GetModuleFileNameW 100050b0     vcruntimed:VCRUNTIME140D.dll
 0002:000000b4       __imp____vcrt_GetModuleHandleW 100050b4     vcruntimed:VCRUNTIME140D.dll
 0002:000000b8       __imp____vcrt_LoadLibraryExW 100050b8     vcruntimed:VCRUNTIME140D.dll
 0002:000000bc       __imp__memset              100050bc     vcruntimed:VCRUNTIME140D.dll
 0002:000000c0       __imp____CxxFrameHandler3  100050c0     vcruntimed:VCRUNTIME140D.dll
 0002:000000c4       __imp____std_type_info_destroy_list 100050c4     vcruntimed:VCRUNTIME140D.dll
 0002:000000c8       \177VCRUNTIME140D_NULL_THUNK_DATA 100050c8     vcruntimed:VCRUNTIME140D.dll
 0002:000000cc       __imp___register_onexit_function 100050cc     ucrtd:ucrtbased.dll
 0002:000000d0       __imp___initialize_onexit_table 100050d0     ucrtd:ucrtbased.dll
 0002:000000d4       __imp___initialize_narrow_environment 100050d4     ucrtd:ucrtbased.dll
 0002:000000d8       __imp___seh_filter_dll     100050d8     ucrtd:ucrtbased.dll
 0002:000000dc       __imp____stdio_common_vsprintf_s 100050dc     ucrtd:ucrtbased.dll
 0002:000000e0       __imp___crt_atexit         100050e0     ucrtd:ucrtbased.dll
 0002:000000e4       __imp__strcpy_s            100050e4     ucrtd:ucrtbased.dll
 0002:000000e8       __imp___initterm_e         100050e8     ucrtd:ucrtbased.dll
 0002:000000ec       __imp___initterm           100050ec     ucrtd:ucrtbased.dll
 0002:000000f0       __imp___CrtDbgReportW      100050f0     ucrtd:ucrtbased.dll
 0002:000000f4       __imp___CrtDbgReport       100050f4     ucrtd:ucrtbased.dll
 0002:000000f8       __imp__strlen              100050f8     ucrtd:ucrtbased.dll
 0002:000000fc       __imp___execute_onexit_table 100050fc     ucrtd:ucrtbased.dll
 0002:00000100       __imp__wcscpy_s            10005100     ucrtd:ucrtbased.dll
 0002:00000104       __imp___wsplitpath_s       10005104     ucrtd:ucrtbased.dll
 0002:00000108       __imp___wmakepath_s        10005108     ucrtd:ucrtbased.dll
 0002:0000010c       __imp__terminate           1000510c     ucrtd:ucrtbased.dll
 0002:00000110       __imp___cexit              10005110     ucrtd:ucrtbased.dll
 0002:00000114       __imp__strcat_s            10005114     ucrtd:ucrtbased.dll
 0002:00000118       __imp___crt_at_quick_exit  10005118     ucrtd:ucrtbased.dll
 0002:0000011c       __imp___configure_narrow_argv 1000511c     ucrtd:ucrtbased.dll
 0002:00000120       \177ucrtbased_NULL_THUNK_DATA 10005120     ucrtd:ucrtbased.dll
 0002:00000124       ___guard_check_icall_fptr  10005124     MSVCRTD:guard_support.obj
 0002:00000128       ___xc_a                    10005128     MSVCRTD:initializers.obj
 0002:0000012c       ___xc_z                    1000512c     MSVCRTD:initializers.obj
 0002:00000130       ___xi_a                    10005130     MSVCRTD:initializers.obj
 0002:00000134       ___xi_z                    10005134     MSVCRTD:initializers.obj
 0002:00000138       ___xp_a                    10005138     MSVCRTD:initializers.obj
 0002:0000013c       ___xp_z                    1000513c     MSVCRTD:initializers.obj
 0002:00000140       ___xt_a                    10005140     MSVCRTD:initializers.obj
 0002:00000144       ___xt_z                    10005144     MSVCRTD:initializers.obj
 0002:00000150       ??_C@_04HNABGNME@?5is?5@   10005150     DynamicLib.obj
 0002:00000158       ??_C@_0BJ@PMBEPOEF@Original?5entry?5for?5slot?5@ 10005158     DynamicLib.obj
 0002:00000174       ??_C@_0BD@IPHCEBPG@?5in?5the?5array?5is?3?5@ 10005174     DynamicLib.obj
 0002:00000188       ??_C@_06EFJOENBA@Entry?5@  10005188     DynamicLib.obj
 0002:00000190       ??_C@_05BIEBAFMA@?5is?3?5@ 10005190     DynamicLib.obj
 0002:00000198       ??_C@_0BE@HPCOILBM@New?5entry?5for?5slot?5@ 10005198     DynamicLib.obj
 0002:000001ac       __pDefaultRawDllMain       100051ac     MSVCRTD:dll_dllmain.obj
 0002:000001ac       __pRawDllMain              100051ac     MSVCRTD:dll_dllmain.obj
 0002:00000250       ??_C@_0NN@NGPKDKPD@The?5value?5of?5ESP?5was?5not?5proper@ 10005250     MSVCRTD:_error_.obj
 0002:00000330       ??_C@_0BBN@GPMLNJCF@A?5cast?5to?5a?5smaller?5data?5type?5h@ 10005330     MSVCRTD:_error_.obj
 0002:00000450       ??_C@_0BN@FFOINMNJ@Stack?5memory?5was?5corrupted?6?$AN@ 10005450     MSVCRTD:_error_.obj
 0002:00000470       ??_C@_0DG@HKJMLLLP@A?5local?5variable?5was?5used?5befor@ 10005470     MSVCRTD:_error_.obj
 0002:000004a8       ??_C@_0CM@NGINOKPC@Stack?5memory?5around?5_alloca?5was@ 100054a8     MSVCRTD:_error_.obj
 0002:000004d4       ??_C@_0BO@GNIAFIKK@Unknown?5Runtime?5Check?5Error?6?$AN@ 100054d4     MSVCRTD:_error_.obj
 0002:000004f8       ??_C@_1GM@OLMCBDMB@?$AAR?$AAu?$AAn?$AAt?$AAi?$AAm?$AAe?$AA?5?$AAC?$AAh?$AAe?$AAc?$AAk?$AA?5?$AAE@ 100054f8     MSVCRTD:_error_.obj
 0002:00000568       ??_C@_1EA@NFKNIFJP@?$AAR?$AAu?$AAn?$AA?9?$AAT?$AAi?$AAm?$AAe?$AA?5?$AAC?$AAh?$AAe?$AAc?$AAk?$AA?5@ 10005568     MSVCRTD:_error_.obj
 0002:000005a8       ??_C@_0BB@PFFGGCJP@Unknown?5Filename@ 100055a8     MSVCRTD:_error_.obj
 0002:000005bc       ??_C@_0BE@GNBOBNCK@Unknown?5Module?5Name@ 100055bc     MSVCRTD:_error_.obj
 0002:000005d0       ??_C@_0CA@IODNCDPG@Run?9Time?5Check?5Failure?5?$CD?$CFd?5?9?5?$CFs@ 100055d0     MSVCRTD:_error_.obj
 0002:000005f0       ??_C@_0CG@IAFNJNEE@Stack?5corrupted?5near?5unknown?5va@ 100055f0     MSVCRTD:_error_.obj
 0002:00000618       ??_C@_05MKKEDADM@?$CF?42X?5@ 10005618     MSVCRTD:_error_.obj
 0002:00000620       ??_C@_0EJ@LJKNEOLN@Stack?5area?5around?5_alloca?5memor@ 10005620     MSVCRTD:_error_.obj
 0002:0000066c       ??_C@_01EEMJAFIK@?6@       1000566c     MSVCRTD:_error_.obj
 0002:00000670       ??_C@_02LLMPMKNF@?$DO?5@   10005670     MSVCRTD:_error_.obj
 0002:00000674       ??_C@_08OMAHNMHJ@?6Data?3?5?$DM@ 10005674     MSVCRTD:_error_.obj
 0002:00000680       ??_C@_0CK@DKGBICFE@?6Allocation?5number?5within?5this?5@ 10005680     MSVCRTD:_error_.obj
 0002:000006ac       ??_C@_07DFDJCKFN@?6Size?3?5@ 100056ac     MSVCRTD:_error_.obj
 0002:000006b4       ??_C@_0N@MHFFIMFG@?6Address?3?50x@ 100056b4     MSVCRTD:_error_.obj
 0002:000006c8       ??_C@_0EI@CLEPFNGI@Stack?5area?5around?5_alloca?5memor@ 100056c8     MSVCRTD:_error_.obj
 0002:00000710       ??_C@_0BK@ODNDAGKB@?$CFs?$CFs?$CFp?$CFs?$CFzd?$CFs?$CFd?$CFs?$CFs?$CFs?$CFs?$CFs@ 10005710     MSVCRTD:_error_.obj
 0002:0000072c       ??_C@_0DE@OHJBPMBP@A?5variable?5is?5being?5used?5withou@ 1000572c     MSVCRTD:_error_.obj
 0002:00000774       ??_C@_0BJ@HEGAHDFO@Stack?5pointer?5corruption@ 10005774     MSVCRTD:_userapi_.obj
 0002:00000790       ??_C@_0CK@FEGOIOPB@Cast?5to?5smaller?5type?5causing?5lo@ 10005790     MSVCRTD:_userapi_.obj
 0002:000007bc       ??_C@_0BI@CIGMDCBH@Stack?5memory?5corruption@ 100057bc     MSVCRTD:_userapi_.obj
 0002:000007d4       ??_C@_0CK@CNLNOEPB@Local?5variable?5used?5before?5init@ 100057d4     MSVCRTD:_userapi_.obj
 0002:00000800       ??_C@_0BP@OGBCLIBO@Stack?5around?5_alloca?5corrupted@ 10005800     MSVCRTD:_userapi_.obj
 0002:00000870       ??_C@_1EI@MLPKHBGE@?$AAa?$AAp?$AAi?$AA?9?$AAm?$AAs?$AA?9?$AAw?$AAi?$AAn?$AA?9?$AAc?$AAo?$AAr?$AAe@ 10005870     MSVCRTD:_pdblkup_.obj
 0002:000008b8       ??_C@_1BK@JHLNAEJL@?$AAa?$AAd?$AAv?$AAa?$AAp?$AAi?$AA3?$AA2?$AA?4?$AAd?$AAl?$AAl@ 100058b8     MSVCRTD:_pdblkup_.obj
 0002:000008d4       ??_C@_0O@COHOBMLB@RegOpenKeyExW@ 100058d4     MSVCRTD:_pdblkup_.obj
 0002:000008e4       ??_C@_0BB@GLNAEDBD@RegQueryValueExW@ 100058e4     MSVCRTD:_pdblkup_.obj
 0002:000008f8       ??_C@_0M@HLOHPNFA@RegCloseKey@ 100058f8     MSVCRTD:_pdblkup_.obj
 0002:00000908       ??_C@_1HE@EBEAGLFB@?$AAS?$AAO?$AAF?$AAT?$AAW?$AAA?$AAR?$AAE?$AA?2?$AAW?$AAo?$AAw?$AA6?$AA4?$AA3@ 10005908     MSVCRTD:_pdblkup_.obj
 0002:0000097c       ??_C@_1BG@EABPBLLF@?$AAP?$AAr?$AAo?$AAd?$AAu?$AAc?$AAt?$AAD?$AAi?$AAr@ 1000597c     MSVCRTD:_pdblkup_.obj
 0002:000009b0       ??_C@_1BC@JINFINNJ@?$AAM?$AAS?$AAP?$AAD?$AAB?$AA1?$AA4?$AA0@ 100059b0     MSVCRTD:_pdblkup_.obj
 0002:000009c4       ??_C@_0BB@KCIACLNC@PDBOpenValidate5@ 100059c4     MSVCRTD:_pdblkup_.obj
 0002:000009d8       ??_C@_01KDCPPGHE@r@        100059d8     MSVCRTD:_pdblkup_.obj
 0002:00000a38       __load_config_used         10005a38     MSVCRTD:loadcfg.obj
 0002:00000ae0       ___safe_se_handler_table   10005ae0     <linker-defined>
 0002:00000e1c       ___rtc_iaa                 10005e1c     MSVCRTD:_initsect_.obj
 0002:00000e28       ___rtc_izz                 10005e28     MSVCRTD:_initsect_.obj
 0002:00000e2c       ___rtc_taa                 10005e2c     MSVCRTD:_initsect_.obj
 0002:00000e38       ___rtc_tzz                 10005e38     MSVCRTD:_initsect_.obj
 0002:00001068       __IMPORT_DESCRIPTOR_MSVCP140D 10006068     msvcprtd:MSVCP140D.dll
 0002:0000107c       __IMPORT_DESCRIPTOR_VCRUNTIME140D 1000607c     vcruntimed:VCRUNTIME140D.dll
 0002:00001090       __IMPORT_DESCRIPTOR_ucrtbased 10006090     ucrtd:ucrtbased.dll
 0002:000010a4       __IMPORT_DESCRIPTOR_KERNEL32 100060a4     kernel32:KERNEL32.dll
 0002:000010b8       __NULL_IMPORT_DESCRIPTOR   100060b8     msvcprtd:MSVCP140D.dll
 0003:00000000       ___security_cookie_complement 10007000     MSVCRTD:gs_cookie.obj
 0003:00000004       ___security_cookie         10007004     MSVCRTD:gs_cookie.obj
 0003:00000008       ?_RTC_ErrorLevels@@3PAHA   10007008     MSVCRTD:_error_.obj
 0003:0000001c       ___scrt_native_dllmain_reason 1000701c     MSVCRTD:utility.obj
 0003:00000020       ___isa_enabled             10007020     MSVCRTD:_cpu_disp_.obj
 0003:00000024       ___scrt_ucrt_dll_is_in_use 10007024     MSVCRTD:ucrt_stubs.obj
 0003:00000028       ?stack@@3HA                10007028     DynamicLib.obj
 0003:0000002c       ?parameters@@3PAHA         1000702c     DynamicLib.obj
 0003:0000003c       ___@@_PchSym_@00@UfhvihUsbwilUwvhpglkUfmrLozyLhgfuuUhlugdzivRvmtrmvvirmtRkizxgrxvhRzhhrtmnvmgUurogvizkkorxzgrlmUwbmznrxoryUwvyftUhgwzucOlyq@4B2008FD98C1DD4 1000703c     stdafx.obj
 0003:00000048       ?_OptionsStorage@?1??__local_stdio_printf_options@@9@4_KA 10007048     MSVCRTD:_error_.obj
 0003:00000378       ?__type_info_root_node@@3U__type_info_node@@A 10007378     MSVCRTD:tncleanup.obj
 0003:00000380       ?_OptionsStorage@?1??__local_stdio_scanf_options@@9@4_KA 10007380     MSVCRTD:default_local_stdio_options.obj
 0003:00000388       ___scrt_current_native_startup_state 10007388     MSVCRTD:utility.obj
 0003:0000038c       ___scrt_native_startup_lock 1000738c     MSVCRTD:utility.obj
 0003:000003ac       ___scrt_debugger_hook_flag 100073ac     MSVCRTD:utility_desktop.obj
 0003:000003b8       ___isa_available           100073b8     MSVCRTD:_cpu_disp_.obj
 0003:000003bc       ___favor                   100073bc     MSVCRTD:_cpu_disp_.obj
 0003:000003c0       ___dyn_tls_init_callback   100073c0     <common>
 0003:000003c4       ___DebuggerCurrentSteppingThreadId 100073c4     <common>

 entry point at        0001:00001570

 Static symbols

 0002:ffffb000       __guard_fids_?dllmain_dispatch@@YAHQAUHINSTANCE__@@KQAX@Z 10000000     MSVCRTD:dll_dllmain.obj
 0002:ffffb000       __guard_fids___CRT_RTC_INITW 10000000     MSVCRTD:_init_.obj
 0002:ffffb000       __guard_fids___CRT_RTC_INIT 10000000     MSVCRTD:_init_.obj
 0002:ffffb000       __guard_fids____scrt_set_unhandled_exception_filter 10000000     MSVCRTD:utility_desktop.obj
 0002:ffffb000       __guard_fids___except_handler4 10000000     MSVCRTD:_chandler4gs_.obj
 0002:ffffb000       __guard_fids__             10000000     MSVCRTD:guard_support.obj
 0000:ffff5000       .debug$S                   10000000     DynamicLib.exp
 0002:ffffb000       __guard_fids___guard_icall_checks_enforced 10000000     MSVCRTD:guard_support.obj
 0000:ffff5000       .debug$S                   10000000     msvcprtd:MSVCP140D.dll
 0000:ffff5000       .debug$S                   10000000     kernel32:KERNEL32.dll
 0000:ffff5000       .debug$S                   10000000     kernel32:KERNEL32.dll
 0000:ffff5000       .debug$S                   10000000     kernel32:KERNEL32.dll
 0000:ffff5000       .debug$S                   10000000     kernel32:KERNEL32.dll
 0000:ffff5000       .debug$S                   10000000     kernel32:KERNEL32.dll
 0000:ffff5000       .debug$S                   10000000     kernel32:KERNEL32.dll
 0000:ffff5000       .debug$S                   10000000     kernel32:KERNEL32.dll
 0000:ffff5000       .debug$S                   10000000     kernel32:KERNEL32.dll
 0000:ffff5000       .debug$S                   10000000     kernel32:KERNEL32.dll
 0000:ffff5000       .debug$S                   10000000     kernel32:KERNEL32.dll
 0000:ffff5000       .debug$S                   10000000     kernel32:KERNEL32.dll
 0000:ffff5000       .debug$S                   10000000     kernel32:KERNEL32.dll
 0000:ffff5000       .debug$S                   10000000     kernel32:KERNEL32.dll
 0000:ffff5000       .debug$S                   10000000     kernel32:KERNEL32.dll
 0000:ffff5000       .debug$S                   10000000     kernel32:KERNEL32.dll
 0000:ffff5000       .debug$S                   10000000     kernel32:KERNEL32.dll
 0000:ffff5000       .debug$S                   10000000     kernel32:KERNEL32.dll
 0000:ffff5000       .debug$S                   10000000     kernel32:KERNEL32.dll
 0000:ffff5000       .debug$S                   10000000     kernel32:KERNEL32.dll
 0000:ffff5000       .debug$S                   10000000     kernel32:KERNEL32.dll
 0000:ffff5000       .debug$S                   10000000     kernel32:KERNEL32.dll
 0000:ffff5000       .debug$S                   10000000     kernel32:KERNEL32.dll
 0000:ffff5000       .debug$S                   10000000     kernel32:KERNEL32.dll
 0000:ffff5000       .debug$S                   10000000     msvcprtd:MSVCP140D.dll
 0000:ffff5000       .debug$S                   10000000     ucrtd:ucrtbased.dll
 0000:ffff5000       .debug$S                   10000000     ucrtd:ucrtbased.dll
 0000:ffff5000       .debug$S                   10000000     ucrtd:ucrtbased.dll
 0000:ffff5000       .debug$S                   10000000     ucrtd:ucrtbased.dll
 0000:ffff5000       .debug$S                   10000000     ucrtd:ucrtbased.dll
 0000:ffff5000       .debug$S                   10000000     ucrtd:ucrtbased.dll
 0000:ffff5000       .debug$S                   10000000     ucrtd:ucrtbased.dll
 0000:ffff5000       .debug$S                   10000000     ucrtd:ucrtbased.dll
 0000:ffff5000       .debug$S                   10000000     ucrtd:ucrtbased.dll
 0000:ffff5000       .debug$S                   10000000     ucrtd:ucrtbased.dll
 0000:ffff5000       .debug$S                   10000000     ucrtd:ucrtbased.dll
 0000:ffff5000       .debug$S                   10000000     ucrtd:ucrtbased.dll
 0000:ffff5000       .debug$S                   10000000     ucrtd:ucrtbased.dll
 0000:ffff5000       .debug$S                   10000000     ucrtd:ucrtbased.dll
 0000:ffff5000       .debug$S                   10000000     ucrtd:ucrtbased.dll
 0000:ffff5000       .debug$S                   10000000     ucrtd:ucrtbased.dll
 0000:ffff5000       .debug$S                   10000000     ucrtd:ucrtbased.dll
 0000:ffff5000       .debug$S                   10000000     ucrtd:ucrtbased.dll
 0000:ffff5000       .debug$S                   10000000     ucrtd:ucrtbased.dll
 0000:ffff5000       .debug$S                   10000000     ucrtd:ucrtbased.dll
 0000:ffff5000       .debug$S                   10000000     ucrtd:ucrtbased.dll
 0000:ffff5000       .debug$S                   10000000     msvcprtd:MSVCP140D.dll
 0000:ffff5000       .debug$S                   10000000     vcruntimed:VCRUNTIME140D.dll
 0000:ffff5000       .debug$S                   10000000     vcruntimed:VCRUNTIME140D.dll
 0000:ffff5000       .debug$S                   10000000     vcruntimed:VCRUNTIME140D.dll
 0000:ffff5000       .debug$S                   10000000     vcruntimed:VCRUNTIME140D.dll
 0000:ffff5000       .debug$S                   10000000     vcruntimed:VCRUNTIME140D.dll
 0000:ffff5000       .debug$S                   10000000     vcruntimed:VCRUNTIME140D.dll
 0000:ffff5000       .debug$S                   10000000     vcruntimed:VCRUNTIME140D.dll
 0000:ffff5000       .debug$S                   10000000     msvcprtd:MSVCP140D.dll
 0000:ffff5000       .debug$S                   10000000     msvcprtd:MSVCP140D.dll
 0000:ffff5000       .debug$S                   10000000     msvcprtd:MSVCP140D.dll
 0000:ffff5000       .debug$S                   10000000     msvcprtd:MSVCP140D.dll
 0000:ffff5000       .debug$S                   10000000     msvcprtd:MSVCP140D.dll
 0000:ffff5000       .debug$S                   10000000     msvcprtd:MSVCP140D.dll
 0000:ffff5000       .debug$S                   10000000     msvcprtd:MSVCP140D.dll
 0000:ffff5000       .debug$S                   10000000     msvcprtd:MSVCP140D.dll
 0000:ffff5000       .debug$S                   10000000     msvcprtd:MSVCP140D.dll
 0000:ffff5000       .debug$S                   10000000     msvcprtd:MSVCP140D.dll
 0000:ffff5000       .debug$S                   10000000     msvcprtd:MSVCP140D.dll
 0000:ffff5000       .debug$S                   10000000     msvcprtd:MSVCP140D.dll
 0000:ffff5000       .debug$S                   10000000     msvcprtd:MSVCP140D.dll
 0000:ffff5000       .debug$S                   10000000     msvcprtd:MSVCP140D.dll
 0000:ffff5000       .debug$S                   10000000     msvcprtd:MSVCP140D.dll
 0001:00000444       __catch$??$?6U?$char_traits@D@std@@@std@@YAAAV?$basic_ostream@DU?$char_traits@D@std@@@0@AAV10@PBD@Z$0 10001444 f i DynamicLib.obj
 0001:000004f4       $LN32                      100014f4     DynamicLib.obj
 0001:000004fc       $LN31                      100014fc     DynamicLib.obj
 0001:00000508       $LN29                      10001508     DynamicLib.obj
 0001:000010b0       ?dllmain_crt_dispatch@@YGHQAUHINSTANCE__@@KQAX@Z 100020b0 f   MSVCRTD:dll_dllmain.obj
 0001:0000111c       $LN11                      1000211c     MSVCRTD:dll_dllmain.obj
 0001:00001130       ?dllmain_crt_process_attach@@YAHQAUHINSTANCE__@@QAX@Z 10002130 f   MSVCRTD:dll_dllmain.obj
 0001:000012a0       ?dllmain_crt_process_detach@@YAH_N@Z 100022a0 f   MSVCRTD:dll_dllmain.obj
 0001:00001380       ?dllmain_dispatch@@YAHQAUHINSTANCE__@@KQAX@Z 10002380 f   MSVCRTD:dll_dllmain.obj
 0001:00001510       ?dllmain_raw@@YGHQAUHINSTANCE__@@KQAX@Z 10002510 f   MSVCRTD:dll_dllmain.obj
 0001:000015a0       ?DebuggerProbe@@YA_NK@Z    100025a0 f   MSVCRTD:_error_.obj
 0001:000015e0       ?DebuggerRuntime@@YA_NKHPAXPB_W@Z 100025e0 f   MSVCRTD:_error_.obj
 0001:00001820       ?_getMemBlockDataString@@YAXPAD0PBDI@Z 10002820 f   MSVCRTD:_error_.obj
 0001:00001890       ?_strlen_priv@@YAIPBD@Z    10002890 f   MSVCRTD:_error_.obj
 0001:000018b0       ?failwithmessage@@YAXPAXHHPBD@Z 100028b0 f   MSVCRTD:_error_.obj
 0001:00001ab0       ?notify_debugger@@YAXABUtagEXCEPTION_VISUALCPP_DEBUG_INFO@@@Z 10002ab0 f   MSVCRTD:_error_.obj
 0001:00002060       ___get_entropy             10003060 f   MSVCRTD:gs_support.obj
 0001:00002260       ?find_pe_section@@YAPAU_IMAGE_SECTION_HEADER@@QAEI@Z 10003260 f   MSVCRTD:utility.obj
 0001:00002300       ?is_potentially_valid_image_base@@YA_NQAX@Z 10003300 f   MSVCRTD:utility.obj
 0001:00002cb0       ?GetPdbDll@@YAPAUHINSTANCE__@@XZ 10003cb0 f   MSVCRTD:_pdblkup_.obj
 0001:00002df0       ?GetPdbDllFromInstallPath@@YAPAUHINSTANCE__@@XZ 10003df0 f   MSVCRTD:_pdblkup_.obj
 0001:00003050       ?GetPdbDllPathFromFilePath@@YAHPB_WPA_WI@Z 10004050 f   MSVCRTD:_pdblkup_.obj
 0001:00003a20       __unwindfunclet$??$?6U?$char_traits@D@std@@@std@@YAAAV?$basic_ostream@DU?$char_traits@D@std@@@0@AAV10@PBD@Z$2 10004a20 f   DynamicLib.obj
 0001:00003a28       __ehhandler$??$?6U?$char_traits@D@std@@@std@@YAAAV?$basic_ostream@DU?$char_traits@D@std@@@0@AAV10@PBD@Z 10004a28 f   DynamicLib.obj
 0001:00003a50       __unwindfunclet$??0sentry@?$basic_ostream@DU?$char_traits@D@std@@@std@@QAE@AAV12@@Z$0 10004a50 f   DynamicLib.obj
 0001:00003a58       __ehhandler$??0sentry@?$basic_ostream@DU?$char_traits@D@std@@@std@@QAE@AAV12@@Z 10004a58 f   DynamicLib.obj
 0001:00003a80       __ehhandler$??1_Sentry_base@?$basic_ostream@DU?$char_traits@D@std@@@std@@QAE@XZ 10004a80 f   DynamicLib.obj
 0001:00003aa0       __ehhandler$??1sentry@?$basic_ostream@DU?$char_traits@D@std@@@std@@QAE@XZ 10004aa0 f   DynamicLib.obj
 0001:00003ac0       __ehhandler$?eof@?$char_traits@D@std@@SAHXZ 10004ac0 f   DynamicLib.obj
 0001:00003ae0       __ehhandler$?eq_int_type@?$char_traits@D@std@@SA_NABH0@Z 10004ae0 f   DynamicLib.obj
 0001:00003b00       __ehhandler$?length@?$char_traits@D@std@@SAIQBD@Z 10004b00 f   DynamicLib.obj
 0002:000001b0       ?_RTC_ErrorMessages@@3QBQBDB 100051b0     MSVCRTD:_error_.obj
 0002:000001c8       ?_RTC_NoFalsePositives@@3QBHB 100051c8     MSVCRTD:_error_.obj
 0002:000001e0       ?stack_premsg@@3QBDB       100051e0     MSVCRTD:_error_.obj
 0002:000001fc       ?stack_postmsg@@3QBDB      100051fc     MSVCRTD:_error_.obj
 0002:00000210       ?uninit_premsg@@3QBDB      10005210     MSVCRTD:_error_.obj
 0002:00000220       ?uninit_postmsg@@3QBDB     10005220     MSVCRTD:_error_.obj
 0002:00000760       ?_RTC_errlist@@3QBQBDB     10005760     MSVCRTD:_userapi_.obj
 0002:00000820       _GS_ExceptionPointers      10005820     MSVCRTD:gs_report.obj
 0002:00000828       ?mspdbName@@3QB_WB         10005828     MSVCRTD:_pdblkup_.obj
 0002:0000084c       ?debugCrtFileName@@3QB_WB  1000584c     MSVCRTD:_pdblkup_.obj
 0002:00000994       ?dllExt@?1??GetPdbDllPathFromFilePath@@YAHPB_WPA_WI@Z@4QB_WB 10005994     MSVCRTD:_pdblkup_.obj
 0002:0000099c       ?mspdbFilename@?1??GetPdbDllPathFromFilePath@@YAHPB_WPA_WI@Z@4QB_WB 1000599c     MSVCRTD:_pdblkup_.obj
 0002:00000e20       __RTC_InitBase.rtc$IMZ     10005e20     dllmain.obj
 0002:00000e24       __RTC_InitBase.rtc$IMZ     10005e24     DynamicLib.obj
 0002:00000e30       __RTC_Shutdown.rtc$TMZ     10005e30     dllmain.obj
 0002:00000e34       __RTC_Shutdown.rtc$TMZ     10005e34     DynamicLib.obj
 0002:00000e40       __ehfuncinfo$?length@?$char_traits@D@std@@SAIQBD@Z 10005e40     DynamicLib.obj
 0002:00000e64       __ehfuncinfo$?eq_int_type@?$char_traits@D@std@@SA_NABH0@Z 10005e64     DynamicLib.obj
 0002:00000e88       __ehfuncinfo$?eof@?$char_traits@D@std@@SAHXZ 10005e88     DynamicLib.obj
 0002:00000eac       __catchsym$??$?6U?$char_traits@D@std@@@std@@YAAAV?$basic_ostream@DU?$char_traits@D@std@@@0@AAV10@PBD@Z$3 10005eac     DynamicLib.obj
 0002:00000ebc       __tryblocktable$??$?6U?$char_traits@D@std@@@std@@YAAAV?$basic_ostream@DU?$char_traits@D@std@@@0@AAV10@PBD@Z 10005ebc     DynamicLib.obj
 0002:00000ed0       __unwindtable$??$?6U?$char_traits@D@std@@@std@@YAAAV?$basic_ostream@DU?$char_traits@D@std@@@0@AAV10@PBD@Z 10005ed0     DynamicLib.obj
 0002:00000ee8       __ehfuncinfo$??$?6U?$char_traits@D@std@@@std@@YAAAV?$basic_ostream@DU?$char_traits@D@std@@@0@AAV10@PBD@Z 10005ee8     DynamicLib.obj
 0002:00000f0c       __ehfuncinfo$??1_Sentry_base@?$basic_ostream@DU?$char_traits@D@std@@@std@@QAE@XZ 10005f0c     DynamicLib.obj
 0002:00000f30       __unwindtable$??0sentry@?$basic_ostream@DU?$char_traits@D@std@@@std@@QAE@AAV12@@Z 10005f30     DynamicLib.obj
 0002:00000f38       __ehfuncinfo$??0sentry@?$basic_ostream@DU?$char_traits@D@std@@@std@@QAE@AAV12@@Z 10005f38     DynamicLib.obj
 0002:00000f5c       __ehfuncinfo$??1sentry@?$basic_ostream@DU?$char_traits@D@std@@@std@@QAE@XZ 10005f5c     DynamicLib.obj
 0002:00000f80       __sehtable$?dllmain_crt_process_attach@@YAHQAUHINSTANCE__@@QAX@Z 10005f80     MSVCRTD:dll_dllmain.obj
 0002:00000fa0       __sehtable$?dllmain_crt_process_detach@@YAH_N@Z 10005fa0     MSVCRTD:dll_dllmain.obj
 0002:00000fc0       __sehtable$?dllmain_dispatch@@YAHQAUHINSTANCE__@@KQAX@Z 10005fc0     MSVCRTD:dll_dllmain.obj
 0002:00000fe0       __sehtable$?notify_debugger@@YAXABUtagEXCEPTION_VISUALCPP_DEBUG_INFO@@@Z 10005fe0     MSVCRTD:_error_.obj
 0002:00001000       __sehtable$___scrt_is_nonwritable_in_current_image 10006000     MSVCRTD:utility.obj
 0002:00001020       .edata                     10006020     DynamicLib.exp
 0002:00001048       rgpv                       10006048     DynamicLib.exp
 0002:0000104c       rgszName                   1000604c     DynamicLib.exp
 0002:00001050       rgwOrd                     10006050     DynamicLib.exp
 0002:00001052       szName                     10006052     DynamicLib.exp
 0002:00001061       $N00001                    10006061     DynamicLib.exp
 0002:00001622       .idata$6                   10006622     msvcprtd:MSVCP140D.dll
 0002:000016d8       .idata$6                   100066d8     vcruntimed:VCRUNTIME140D.dll
 0002:00001868       .idata$6                   10006868     ucrtd:ucrtbased.dll
 0002:00001a4c       .idata$6                   10006a4c     kernel32:KERNEL32.dll
 0003:00000040       ?init@?1??_RTC_InitBase@@9@4_NA 10007040     MSVCRTD:_init_.obj
 0003:00000044       ?__proc_attached@@3HA      10007044     MSVCRTD:dll_dllmain.obj
 0003:00000050       ?_RTC_ErrorReportFunc@@3P6AHHPBDH00ZZA 10007050     MSVCRTD:_userapi_.obj
 0003:00000054       ?_RTC_ErrorReportFuncW@@3P6AHHPB_WH00ZZA 10007054     MSVCRTD:_userapi_.obj
 0003:00000058       _GS_ExceptionRecord        10007058     MSVCRTD:gs_report.obj
 0003:000000a8       _GS_ContextRecord          100070a8     MSVCRTD:gs_report.obj
 0003:00000390       ?is_initialized_as_dll@@3_NA 10007390     MSVCRTD:utility.obj
 0003:00000391       ?module_local_atexit_table_initialized@@3_NA 10007391     MSVCRTD:utility.obj
 0003:00000394       ?module_local_atexit_table@@3U_onexit_table_t@@A 10007394     MSVCRTD:utility.obj
 0003:000003a0       ?module_local_at_quick_exit_table@@3U_onexit_table_t@@A 100073a0     MSVCRTD:utility.obj
 0003:000003b0       ?mspdb@@3PAUHINSTANCE__@@A 100073b0     MSVCRTD:_pdblkup_.obj
 0003:000003b4       ?alreadyTried@?1??GetPdbDll@@YAPAUHINSTANCE__@@XZ@4_NA 100073b4     MSVCRTD:_pdblkup_.obj
 0003:000003b5       ?PDBOK@?1??_RTC_GetSrcLine@@YAHPAEPA_WKPAH1K@Z@4_NA 100073b5     MSVCRTD:_pdblkup_.obj
 0004:00000000       __1AF624BE_stdafx@h        10008000     dllmain.obj
 0004:00000001       __35D1BAE0_dynamiclib@pch  10008001     dllmain.obj
 0004:00000002       __EB3F0F27_dllmain@cpp     10008002     dllmain.obj
 0004:00000003       __1AF624BE_stdafx@h        10008003     DynamicLib.obj
 0004:00000004       __35D1BAE0_dynamiclib@pch  10008004     DynamicLib.obj
 0004:00000005       __075107D3_xstddef         10008005     DynamicLib.obj
 0004:00000006       __F04E90C1_utility         10008006     DynamicLib.obj
 0004:00000007       __E8A933E8_streambuf       10008007     DynamicLib.obj
 0004:00000008       __2226DB6B_ostream         10008008     DynamicLib.obj
 0004:00000009       __41F6EE51_istream         10008009     DynamicLib.obj
 0004:0000000a       __EE08759E_xstring         1000800a     DynamicLib.obj
 0004:0000000b       __B49A0B44_dynamiclib@cpp  1000800b     DynamicLib.obj
 0004:0000000c       __B7BE9EB8_fstream         1000800c     DynamicLib.obj
 0004:0000000d       __DE209E54_ios             1000800d     DynamicLib.obj
 0004:0000000e       __AFB167B8_xlocnum         1000800e     DynamicLib.obj
 0004:0000000f       __4FAD2CE0_xiosbase        1000800f     DynamicLib.obj
 0004:00000010       __EB531902_system_error    10008010     DynamicLib.obj
 0004:00000011       __540E0B22_xcall_once@h    10008011     DynamicLib.obj
 0004:00000012       __313601AF_xlocale         10008012     DynamicLib.obj
 0004:00000013       __85E0720B_xfacet          10008013     DynamicLib.obj
 0004:00000014       __A9A52504_memory          10008014     DynamicLib.obj
 0004:00000015       __76485BF3_xlocinfo        10008015     DynamicLib.obj
 0004:00000016       __2894234F_vcruntime_typeinfo@h 10008016     DynamicLib.obj
 0004:00000017       __EA098B54_stdexcept       10008017     DynamicLib.obj
 0004:00000018       __E5F70BEB_xatomic0@h      10008018     DynamicLib.obj
 0004:00000019       __C84D8A73_xmemory0        10008019     DynamicLib.obj
 0004:0000001a       __191E4B22_xutility        1000801a     DynamicLib.obj
 0004:0000001b       __D9E2FC0C_iosfwd          1000801b     DynamicLib.obj
 0004:0000001c       __150B298A_limits          1000801c     DynamicLib.obj
 0004:0000001d       __5A74375D_wchar@h         1000801d     DynamicLib.obj
 0004:0000001e       __A40A425D_stat@h          1000801e     DynamicLib.obj
 0004:0000001f       __C0802A2B_corecrt_wtime@h 1000801f     DynamicLib.obj
 0004:00000020       __F0CC4AC4_corecrt_wio@h   10008020     DynamicLib.obj
 0004:00000021       __41381B41_corecrt_wconio@h 10008021     DynamicLib.obj
 0004:00000022       __6347B109_exception       10008022     DynamicLib.obj
 0004:00000023       __B43725BB_vcruntime_exception@h 10008023     DynamicLib.obj
 0004:00000024       __331E732B_malloc@h        10008024     DynamicLib.obj
 0004:00000025       __315947B1_type_traits     10008025     DynamicLib.obj
 0004:00000026       __A452D4A0_stdio@h         10008026     DynamicLib.obj
 0004:00000027       __05476D76_corecrt_wstdio@h 10008027     DynamicLib.obj
 0004:00000028       __2CC6E67D_corecrt_stdio_config@h 10008028     DynamicLib.obj
 0004:00000029       __2D38A86A_xtgmath@h       10008029     DynamicLib.obj
 0004:0000002a       __3E410A9F_cmath           1000802a     DynamicLib.obj
 0004:0000002b       __C743154A_cstdlib         1000802b     DynamicLib.obj
 0004:0000002c       __188180DA_corecrt_math@h  1000802c     DynamicLib.obj
 0004:0000002d       __A73354DD_stdlib@h        1000802d     DynamicLib.obj
 0004:0000002e       __2DB65363_vcruntime_new@h 1000802e     DynamicLib.obj
 0004:0000002f       __35D1BAE0_dynamiclib@pch  1000802f     stdafx.obj
 0004:00000030       __7B7A869E_ctype@h         10008030     stdafx.obj
 0004:00000031       __457DD326_basetsd@h       10008031     stdafx.obj
 0004:00000032       __4384A2D9_corecrt_memcpy_s@h 10008032     stdafx.obj
 0004:00000033       __2088847F_corecrt_memory@h 10008033     stdafx.obj
 0004:00000034       __4E51A221_corecrt_wstring@h 10008034     stdafx.obj
 0004:00000035       __2140C079_string@h        10008035     stdafx.obj
 0004:00000036       __E9FFF232_guiddef@h       10008036     stdafx.obj
 0004:00000037       __1887E595_winnt@h         10008037     stdafx.obj
 0004:00000038       __9FC7C64B_processthreadsapi@h 10008038     stdafx.obj
 0004:00000039       __FA470AEC_memoryapi@h     10008039     stdafx.obj
 0004:0000003a       __F37DAFF1_winerror@h      1000803a     stdafx.obj
 0004:0000003b       __7A450CCC_winbase@h       1000803b     stdafx.obj
 0004:0000003c       __12AD47BB_winuser@h       1000803c     stdafx.obj
 0004:0000003d       __86261D59_stralign@h      1000803d     stdafx.obj
 0005:00000060       $R000000                   10009060     * linker generated manifest res *
